3b303bef
3b1d3a52
399438e3
384137b3
373d36df
369c3673
36663674
369e36e4
374337bc
384b38ed
399f3a60
3b2a3bfc
3cd13da6
3e773f43
400140b2
415441e0
425642b3
42f74321
432d431e
42f342ae
424f41d8
414840a7
3ff53f35
3e593d52
3cbd3bf0
3b1d3a52
399438e3
384237b5
373e36e0
369c3673
36663676
369f36e4
374337bc
384b38ee
399e3a5d
3b293bfc
3cd23da7
3e763f41
400040b2
415341e0
425642b4
42f74320
432d431e
42f442af
424f41d7
414940a8
3ff63f35
3e693d98
3cc43bef
3b1d3a51
399238e2
384237b3
373d36df
369c3673
36653674
369f36e4
374337bc
384a38ed
39a03a60
3b2b3bfd
3cd23da6
3e773f42
400140b2
415341e0
425642b4
42f84320
432d431e
42f442ae
424f41d7
414940a7
3ff53f35
3e683d96
3cc33bf0
3b1d3a51
399338e2
384037b3
373d36df
369b3672
36653675
369e36e4
374237bb
384138ab
39933a5e
3b293bfc
3cd23da6
3e763f42
400140b2
415241df
425542b2
42f74320
432c431e
42f442af
424f41d7
414940a7
3ff53f35
3e693d98
3cc43bf0
3b1d3a52
399438e2
384137b4
373d36df
369b3673
36663675
369f36e4
374437bc
384b38ee
39a13a5d
3ae93be7
3cd13da4
3e753f42
400140b2
415241de
425542b5
42f74321
432e431f
42ba4283
424f41d8
414b40aa
3ff73f38
3e6c3d9b
3cc73bf2
3b1f3a52
399438e4
384237b4
373d36df
369b3673
36653675
369f36e3
374337bb
384a38ec
399e3a5d
3b2a3bfd
3cd13da6
3e773f42
400040b2
415141de
425542b4
42f84320
432d431f
42f542af
425041d8
414940a8
3ff63f36
3e6b3d9a
3cc53bef
3b1d3a54
399338e3
384237b4
373d36de
369b3672
36663675
369e36e4
374237bc
384b38ee
39a13a60
3b2a3bfd
3cd13da5
3e773f43
400240b2
415241de
425642b4
42f74320
432d431f
42f342ad
424f41d7
414840a7
3ff63f36
3e693d97
3cc53bef
3b1d3a51
399438e2
384137b3
373c36df
369c3673
36663675
369e36e3
374337bc
384a38ed
399f3a5f
3b2b3bfd
3cd13da6
3e773f43
400240b3
415341e0
425642b4
42f74320
432d42fc
42b142ad
424f41d7
414a40a8
3ff63f36
3e693d98
3cc43bf0
3b1e3a52
399338e2
384137b4
373c36df
369d3673
36663675
369f36e4
374437bc
384a38ed
39a13a60
3b2b3bfe
3cd13da7
3e793f20
3fc4407d
412141de
425542b2
42f74320
432d431f
42f542af
424f41d8
414b40aa
3ff83f38
3e6e3d9b
3cc73bf2
3b203a56
399738e4
384337b6
373e36e0
369d3674
36653675
369e36e3
374237bb
384938eb
399e3a5c
3b293bfb
3cd03da5
3e763f41
400040b1
415141df
425542b3
42f7431f
432d431f
42f442af
424f41d8
414a40a8
3ff73f37
3e6c3d9b
3cc73bf1
3b1e3a53
399538e4
384337b5
373d36df
368a3637
36603674
369e36e4
374237bb
384938eb
399d3a5c
3b283bfa
3ccf3da4
3e743f40
3fff40b1
415141de
425642b3
42f64320
432e431f
42f442af
425041d8
414a40a8
3ff73f37
3e6b3d9a
3cc53bf0
3b1f3a54
399538e3
384337b6
373f36e0
369c3673
36663674
369b36a8
372c37bb
384838eb
399e3a5c
3b283bfb
3ccf3da2
3e743f40
3fff40b1
415141dd
425642b3
42f7431f
432e431f
42f442b0
425041d9
414c40aa
3ff83f39
3e463ca5
3c813be5
3b133a49
398b38db
383a37ad
373836db
369a3672
36663675
36a136e8
374837c2
385238f5
39a83a69
3b343c06
3cdb3daf
3e803f4c
400a40ba
415b41e6
425a42b7
42fa4322
432d431d
42f042aa
424a41d1
4141409f
3fec3f2c
3e4d3d49
3cb53be6
3b133a49
398c38dc
383b37af
373936dc
369a3671
36673677
36a136e8
374837c2
385238f5
39a73a66
3b333c06
3cdc3db0
3e803f4a
400840ba
415a41e6
425b42b8
42fa4321
432d431d
42f142ab
424a41d1
414140a0
3fed3f2c
3e603d8f
3cba3be5
3b133a48
398a38db
383b37ad
373836db
369a3672
36653676
36a236e8
374937c2
385238f4
39a93a69
3b343c07
3cdc3db0
3e813f4c
400a40ba
415a41e6
425b42b8
42fa4322
432d431d
42f142aa
424a41d1
4141409f
3fed3f2b
3e5e3d8d
3cb93be6
3b133a48
398b38da
383937ad
373836db
36983671
36653676
36a136e8
374737c1
384638b3
399d3a67
3b333c06
3cdc3daf
3e803f4b
400a40ba
415941e5
425a42b6
42f94321
432c431c
42f242ab
424a41d1
4142409f
3fec3f2c
3e603d8f
3cba3be6
3b133a49
398b38da
383a37ae
373836db
36993672
36663676
36a236e8
374937c2
385238f6
39aa3a64
3af13bf4
3cdb3dae
3e7f3f4b
400940ba
415941e4
425a42b9
42fa4322
432e431d
42b44284
424a41d2
414440a2
3fee3f2e
3e623d91
3cbd3be8
3b163a49
398c38dc
383b37ae
373936db
36993672
36653676
36a136e7
374837c1
385138f4
39a73a66
3b333c07
3cdb3db0
3e803f4b
400940ba
415841e4
425a42b7
42fa4321
432d431e
42f242ab
424b41d2
414240a0
3fed3f2d
3e623d90
3cbb3be6
3b143a4b
398b38db
383b37ae
373836db
36983671
36663677
36a136e7
374737c2
385238f6
39a93a69
3b333c06
3cdb3dae
3e813f4c
400a40ba
415941e4
425b42b8
42f94321
432d431e
42f142aa
424a41d1
414140a0
3fee3f2d
3e5f3d8d
3cbb3be5
3b133a48
398b38da
383a37ad
373736db
369a3672
36663676
36a136e7
374837c2
385138f4
39a83a68
3b353c07
3cdb3db0
3e803f4c
400a40bb
415a41e6
425b42b8
42f94321
432d42f6
42b142a9
424a41d1
414340a0
3fed3f2c
3e5f3d8e
3cba3be7
3b143a49
398b38da
383a37ae
373736db
369a3672
36663676
36a236e8
374937c2
385138f5
39a93a69
3b353c07
3cdb3db1
3e823f25
3fcf4081
412c41e4
425942b6
42f94321
432d431e
42f242ab
424a41d2
414440a2
3ff03f2f
3e643d92
3cbd3be9
3b173a4d
398e38dc
383c37b0
373936dc
369a3672
36653676
36a136e7
374737c1
385038f3
39a63a65
3b333c05
3cda3daf
3e803f4a
400940b9
415841e5
425a42b6
42f94321
432d431e
42f242ab
424a41d2
414340a0
3fee3f2e
3e633d91
3cbd3be7
3b153a4a
398d38dc
383c37af
373836db
36853637
36623676
36a136e7
374737c1
385038f3
39a63a65
3b323c04
3cd93dad
3e7e3f49
400840b9
415841e4
425a42b6
42f94321
432e431e
42f142ac
424b41d2
414340a1
3fef3f2e
3e623d90
3cbc3be6
3b153a4b
398c38db
383c37b0
373a36dc
369a3672
36663676
369c36aa
373437c1
385038f3
39a63a65
3b313c04
3cd83dac
3e7e3f49
400740b9
415841e3
425b42b7
42f94321
432e431d
42f142ac
424b41d3
414540a2
3ff03f30
3e353c9a
3c7f3bdc
3b0a3a40
398338d3
383437a8
373436d8
36973671
36663677
36a436ec
374d37c8
385938fd
39b13a72
3b3d3c10
3ce53db9
3e8a3f55
401240c2
416141eb
425f42ba
42fc4324
432d431b
42ed42a6
424541cb
413a4097
3fe43f23
3e403d41
3cad3bdc
3b093a40
398338d4
383437a9
373436d8
36973670
36673679
36a436ec
374d37c8
385938fd
39af3a6f
3b3d3c10
3ce63dba
3e893f53
401140c2
416041ec
426042bc
42fc4322
432d431c
42ef42a7
424541cb
413a4098
3fe53f23
3e563d85
3cb03bdb
3b0a3a3f
398238d3
383437a7
373336d8
36983671
36653677
36a436ec
374e37c8
385938fc
39b13a72
3b3e3c11
3ce53dba
3e8a3f55
401240c2
416141ec
426042bb
42fd4323
432d431c
42ef42a6
424541cb
413a4097
3fe43f22
3e543d83
3cb03bdc
3b0a3a3f
398238d2
383237a7
373336d7
36963670
36653677
36a436ec
374c37c7
384b38bb
39a83a70
3b3d3c10
3ce53db9
3e893f54
401240c1
416041eb
425f42ba
42fc4322
432c431b
42ef42a7
424541cb
413b4097
3fe33f23
3e563d85
3cb03bdc
3b0a3a40
398338d2
383337a8
373336d7
36963671
36663678
36a536ec
374e37c8
385938fe
39b23a6c
3afa3c00
3ce53db8
3e893f54
401240c2
416041ea
425f42bc
42fc4323
432e431b
42ae4284
424541cc
413d409a
3fe63f25
3e593d88
3cb33bde
3b0c3a40
398338d4
383437a8
373436d7
36973671
36653678
36a436eb
374d37c7
385838fc
39af3a6f
3b3d3c10
3ce43dba
3e8a3f54
401140c1
415f41ea
425f42bb
42fd4322
432d431c
42ef42a7
424641cc
413b4098
3fe53f24
3e583d86
3cb13bdc
3b0b3a42
398238d4
383437a8
373336d7
36963670
36663678
36a436eb
374c37c8
385938fd
39b23a72
3b3d3c10
3ce53db8
3e8a3f55
401240c2
416041ea
426042bb
42fc4322
432d431c
42ee42a6
424541ca
413a4098
3fe53f24
3e563d84
3cb13bdb
3b0a3a3f
398338d3
383337a7
373236d7
36973671
36663678
36a336eb
374d37c8
385938fc
39b03a71
3b3e3c10
3ce53db9
3e8a3f55
401340c3
416141eb
426042bb
42fc4323
432d42f1
42b242a6
424541cb
413c4098
3fe53f23
3e563d85
3cb03bdd
3b0b3a40
398238d2
383337a8
373336d8
36983671
36663678
36a436ec
374e37c8
385838fd
39b23a73
3b3e3c11
3ce53dba
3e8c3f2a
3fdb4085
413741ea
425e42ba
42fc4322
432d431c
42ef42a7
424541cc
413d409a
3fe73f26
3e5b3d88
3cb33bdf
3b0d3a44
398638d4
383537aa
373436d9
36983671
36653678
36a336eb
374c37c7
385738fb
39af3a6f
3b3d3c0f
3ce43db9
3e893f53
401140c1
415f41ea
425f42ba
42fc4322
432d431c
42ef42a7
424541cc
413c4098
3fe63f25
3e593d87
3cb33bde
3b0b3a41
398438d5
383537a9
373336d8
367f3637
36633677
36a336eb
374c37c7
385738fb
39ae3a6e
3b3c3c0e
3ce33db7
3e873f52
401040c0
415e41ea
425f42ba
42fc4323
432e431c
42ef42a8
424641cc
413c4099
3fe63f25
3e583d86
3cb23bdd
3b0c3a42
398438d4
383537aa
373536d9
36973671
36663677
369d36ad
373c37c7
385738fb
39af3a6f
3b3b3c0e
3ce23db5
3e873f52
401040c0
415f41e9
426042bb
42fb4322
432d431c
42ee42a8
424641cd
413d409a
3fe73f27
3e233c90
3c7d3bd2
3b003a37
397b38cc
382d37a2
372f36d4
36953670
36663678
36a636ef
375237ce
38603905
39b93a7b
3b473c1a
3cee3dc3
3e933f5e
401b40ca
416841f1
426442be
42ff4325
432d431a
42eb42a3
424041c5
4133408f
3fdb3f1a
3e343d39
3ca43bd2
3b003a37
397b38cc
382d37a3
372f36d5
3695366f
3667367a
36a736f0
375337ce
38603905
39b83a78
3b463c1a
3cf03dc4
3e933f5c
401940c9
416741f2
426542bf
42fe4323
432c431a
42ec42a3
424041c5
41334090
3fdc3f1a
3e4d3d7b
3ca73bd2
3b003a36
397938cb
382d37a2
372e36d4
3695366f
36663679
36a736f0
375337ce
38603904
39ba3a7b
3b483c1b
3cef3dc3
3e943f5e
401b40ca
416841f1
426442bf
42ff4324
432d431a
42ec42a3
424041c4
4133408f
3fdb3f19
3e4b3d79
3ca63bd2
3b003a36
397a38cb
382b37a1
372e36d4
3694366f
36663679
36a636ef
375237cd
384f38c4
39b23a79
3b463c1a
3cef3dc3
3e933f5d
401b40c9
416741f1
426342bd
42fe4323
432c4319
42ed42a3
424041c5
4134408f
3fdb3f1a
3e4d3d7b
3ca73bd3
3b003a37
397a38cb
382c37a2
372e36d4
36943670
36673679
36a736ef
375337ce
38613906
39bb3a73
3b033c0c
3cef3dc1
3e923f5d
401a40c9
416741f0
426442c0
42fe4324
432e4319
42a84284
424041c6
41364092
3fdd3f1c
3e4f3d7e
3caa3bd4
3b033a37
397b38cc
382d37a2
372f36d4
36943670
36663679
36a636ef
375237cd
385f3904
39b83a79
3b473c1a
3cee3dc4
3e933f5d
401a40c9
416641f0
426442bf
42ff4323
432d431b
42ed42a4
424141c6
41344090
3fdc3f1b
3e4f3d7c
3ca73bd2
3b013a38
397a38cc
382d37a2
372f36d3
3693366f
36663679
36a636ef
375237ce
38613905
39ba3a7b
3b473c1a
3cee3dc2
3e943f5e
401b40c9
416741f0
